7 adaptive epoch 1: meta-fit macro CE 1.669984
7 adaptive epoch 2: meta-fit macro CE 1.674290
7 fixed_flow epoch 1: meta-fit macro CE 1.669930
7 fixed_flow epoch 2: meta-fit macro CE 1.674238
7 hard_clamp epoch 1: meta-fit macro CE 1.666307
7 hard_clamp epoch 2: meta-fit macro CE 1.670773
7 joint adaptive epoch 1: meta-fit joint NLL 4.610414
7 joint adaptive epoch 2: meta-fit joint NLL 4.614877
7 joint fixed_flow epoch 1: meta-fit joint NLL 4.610339
7 joint fixed_flow epoch 2: meta-fit joint NLL 4.614805
9 joint adaptive epoch 10: meta-fit joint NLL 2.319963
9 joint adaptive epoch 30: meta-fit joint NLL 2.351168
9 joint adaptive epoch 60: meta-fit joint NLL 2.389851
9 joint adaptive epoch 100: meta-fit joint NLL 2.467862
9 convergence adaptive epoch 10: meta-fit joint NLL 2.319963
9 convergence adaptive epoch 30: meta-fit joint NLL 2.351168
9 convergence adaptive epoch 60: meta-fit joint NLL 2.389851
9 convergence adaptive epoch 100: meta-fit joint NLL 2.467862
9 convergence adaptive epoch 102: meta-fit joint NLL 2.472755
9 convergence adaptive epoch 10: meta-fit joint NLL 2.319963
9 convergence adaptive epoch 30: meta-fit joint NLL 2.351168
9 convergence adaptive epoch 60: meta-fit joint NLL 2.389851
9 convergence adaptive epoch 100: meta-fit joint NLL 2.467862
9 convergence adaptive epoch 102: meta-fit joint NLL 2.472755
9 joint adaptive epoch 1: meta-fit joint NLL 2.321355
9 joint adaptive epoch 2: meta-fit joint NLL 2.320806
9 joint adaptive epoch 1: meta-fit joint NLL 2.321355
9 joint adaptive epoch 2: meta-fit joint NLL 2.320806
test_matching_runs_and_tampered_split (test_artifacts.ArtifactTests.test_matching_runs_and_tampered_split) ... ok
test_misaligned_score_columns_rejected (test_artifacts.ArtifactTests.test_misaligned_score_columns_rejected) ... ok
test_test_evaluated_source_rejected (test_artifacts.ArtifactTests.test_test_evaluated_source_rejected) ... ok
test_html_json_escapes_script_text_and_catalog_ignores_user_arrays (test_categorical_demo.CategoricalDemoTests.test_html_json_escapes_script_text_and_catalog_ignores_user_arrays) ... ok
test_six_scenarios_change_only_one_synthetic_rating (test_categorical_demo.CategoricalDemoTests.test_six_scenarios_change_only_one_synthetic_rating) ... ok
test_freeze_never_opens_test_and_replays_all_six_models (test_categorical_evaluation.CategoricalEvaluationTests.test_freeze_never_opens_test_and_replays_all_six_models) ... ok
test_nonminimum_choice_and_different_episode_budget_are_rejected (test_categorical_evaluation.CategoricalEvaluationTests.test_nonminimum_choice_and_different_episode_budget_are_rejected) ... ok
test_payload_tamper_and_wrong_test_hash_fail (test_categorical_evaluation.CategoricalEvaluationTests.test_payload_tamper_and_wrong_test_hash_fail) ... ok
test_portable_bundle_needs_no_research_source_path (test_categorical_evaluation.CategoricalEvaluationTests.test_portable_bundle_needs_no_research_source_path) ... ok
test_runtime_and_code_mismatch_rejected_before_test_open (test_categorical_evaluation.CategoricalEvaluationTests.test_runtime_and_code_mismatch_rejected_before_test_open) ... ok
test_selection_grid_tamper_and_existing_output_are_rejected (test_categorical_evaluation.CategoricalEvaluationTests.test_selection_grid_tamper_and_existing_output_are_rejected) ... ok
test_synthetic_test_masks_train_and_validation_and_refuses_second_open (test_categorical_evaluation.CategoricalEvaluationTests.test_synthetic_test_masks_train_and_validation_and_refuses_second_open) ... ok
test_five_category_training_keeps_neutral_and_unseen_distinct (test_categorical_experiment.CategoricalExperimentTests.test_five_category_training_keeps_neutral_and_unseen_distinct) ... ok
test_macro_and_pooled_ce_use_only_observed_labels_and_chosen_users (test_categorical_experiment.CategoricalExperimentTests.test_macro_and_pooled_ce_use_only_observed_labels_and_chosen_users) ... ok
test_ranking_readout_masks_every_observed_rating_including_neutral (test_categorical_experiment.CategoricalExperimentTests.test_ranking_readout_masks_every_observed_rating_including_neutral) ... ok
test_smoothed_baselines_match_count_formulas_and_cold_item_prior (test_categorical_experiment.CategoricalExperimentTests.test_smoothed_baselines_match_count_formulas_and_cold_item_prior) ... ok
test_uniform_and_perfect_probabilities_have_known_ce_and_brier (test_categorical_experiment.CategoricalExperimentTests.test_uniform_and_perfect_probabilities_have_known_ce_and_brier) ... ok
test_unseen_and_invalid_probabilities_rejected (test_categorical_experiment.CategoricalExperimentTests.test_unseen_and_invalid_probabilities_rejected) ... ok
test_checkpoint_probability_replay_and_identical_initialization (test_categorical_experiment.CategoricalTrainingBoundaryTests.test_checkpoint_probability_replay_and_identical_initialization) ... ok
test_hidden_rating_values_never_enter_context_or_choose_probe (test_categorical_experiment.CategoricalTrainingBoundaryTests.test_hidden_rating_values_never_enter_context_or_choose_probe) ... ok
test_probe_loss_rejects_unmasked_targets_and_ignores_nonprobe_values (test_categorical_experiment.CategoricalTrainingBoundaryTests.test_probe_loss_rejects_unmasked_targets_and_ignores_nonprobe_values) ... ok
test_absent_values_never_supply_source_or_upward_routing (test_categorical_field.CategoricalFieldTests.test_absent_values_never_supply_source_or_upward_routing) ... ok
test_all_variants_allocate_same_parameters_and_replay_exactly (test_categorical_field.CategoricalFieldTests.test_all_variants_allocate_same_parameters_and_replay_exactly) ... ok
test_context_changes_probe_and_users_are_independent (test_categorical_field.CategoricalFieldTests.test_context_changes_probe_and_users_are_independent) ... ok
test_context_contract_and_categorical_output (test_categorical_field.CategoricalFieldTests.test_context_contract_and_categorical_output) ... ok
test_dynamic_mechanisms_and_isolated_controls (test_categorical_field.CategoricalFieldTests.test_dynamic_mechanisms_and_isolated_controls) ... ok
test_empty_context_stays_zero_and_finite_in_all_variants (test_categorical_field.CategoricalFieldTests.test_empty_context_stays_zero_and_finite_in_all_variants) ... ok
test_masked_probe_categories_cannot_change_prediction (test_categorical_field.CategoricalFieldTests.test_masked_probe_categories_cannot_change_prediction) ... ok
test_one_step_fixed_flow_and_adaptive_are_identical (test_categorical_field.CategoricalFieldTests.test_one_step_fixed_flow_and_adaptive_are_identical) ... ok
test_probe_loss_reaches_routing_categories_and_source_gates (test_categorical_field.CategoricalFieldTests.test_probe_loss_reaches_routing_categories_and_source_gates) ... ok
test_soft_and_hard_source_behavior_and_convex_bounds (test_categorical_field.CategoricalFieldTests.test_soft_and_hard_source_behavior_and_convex_bounds) ... ok
test_unobserved_candidate_cannot_be_reintroduced_as_source (test_categorical_field.CategoricalFieldTests.test_unobserved_candidate_cannot_be_reintroduced_as_source) ... ok
test_bad_aggregate_does_not_pass_as_metric_evidence (test_compare_fields_final.FinalFieldComparisonTests.test_bad_aggregate_does_not_pass_as_metric_evidence) ... ok
test_changed_cohort_denominator_or_split_is_rejected (test_compare_fields_final.FinalFieldComparisonTests.test_changed_cohort_denominator_or_split_is_rejected) ... ok
test_fixed_24_comparisons_use_correct_adapters_and_denominators (test_compare_fields_final.FinalFieldComparisonTests.test_fixed_24_comparisons_use_correct_adapters_and_denominators) ... ok
test_overlapping_seed_summary_has_no_pooled_interval (test_compare_fields_final.FinalFieldComparisonTests.test_overlapping_seed_summary_has_no_pooled_interval) ... ok
test_real_pairing_preserved_when_values_vary (test_compare_fields_final.FinalFieldComparisonTests.test_real_pairing_preserved_when_values_vary) ... ok
test_report_never_reads_interactions_or_exports_individual_users (test_compare_fields_final.FinalFieldComparisonTests.test_report_never_reads_interactions_or_exports_individual_users) ... ok
test_tampered_metrics_and_mislabeled_experiment_are_rejected (test_compare_fields_final.FinalFieldComparisonTests.test_tampered_metrics_and_mislabeled_experiment_are_rejected) ... ok
test_cross_seed_report_has_no_independence_assuming_interval (test_compare_frozen.FrozenComparisonTests.test_cross_seed_report_has_no_independence_assuming_interval) ... ok
test_freeze_and_evaluation_must_correspond (test_compare_frozen.FrozenComparisonTests.test_freeze_and_evaluation_must_correspond) ... ok
test_missing_user_or_wrong_aggregate_rejected (test_compare_frozen.FrozenComparisonTests.test_missing_user_or_wrong_aggregate_rejected) ... ok
test_pairing_recovers_constant_gain_and_bonferroni_is_wider (test_compare_frozen.FrozenComparisonTests.test_pairing_recovers_constant_gain_and_bonferroni_is_wider) ... ok
test_provenance_validation_and_export_excludes_user_data (test_compare_frozen.FrozenComparisonTests.test_provenance_validation_and_export_excludes_user_data) ... ok
test_rejects_inadequate_resampling_and_nonpaired_data (test_compare_frozen.FrozenComparisonTests.test_rejects_inadequate_resampling_and_nonpaired_data) ... ok
test_winner_is_frozen_even_when_other_expert_dominates_test (test_compare_frozen.FrozenComparisonTests.test_winner_is_frozen_even_when_other_expert_dominates_test) ... ok
test_aggregate_copy_preserves_exact_bytes_and_rejects_hash_drift (test_curate_final_evidence.FinalCurationTests.test_aggregate_copy_preserves_exact_bytes_and_rejects_hash_drift) ... ok
test_even_hash_verified_aggregate_with_user_records_is_rejected (test_curate_final_evidence.FinalCurationTests.test_even_hash_verified_aggregate_with_user_records_is_rejected) ... ok
test_primary_allowlist_discards_individual_records_and_keeps_denominators (test_curate_final_evidence.FinalCurationTests.test_primary_allowlist_discards_individual_records_and_keeps_denominators) ... ok
test_corrupted_split_and_dataset_fail_before_fitting (test_exception_artifacts.ExceptionArtifactTests.test_corrupted_split_and_dataset_fail_before_fitting) ... ok
test_export_keeps_original_ids_without_inheriting_upstream_model_state (test_exception_artifacts.ExceptionArtifactTests.test_export_keeps_original_ids_without_inheriting_upstream_model_state) ... ok
test_only_explicit_train_valid_pairs_supply_ratings (test_exception_artifacts.ExceptionArtifactTests.test_only_explicit_train_valid_pairs_supply_ratings) ... ok
test_validation_rating_changes_cannot_change_training_matrix (test_exception_artifacts.ExceptionArtifactTests.test_validation_rating_changes_cannot_change_training_matrix) ... ok
test_changed_choice_rejected_before_test_read (test_exception_evaluation.ExceptionEvaluationTests.test_changed_choice_rejected_before_test_read) ... ok
test_changed_predictions_rejected_before_test_open_marker (test_exception_evaluation.ExceptionEvaluationTests.test_changed_predictions_rejected_before_test_open_marker) ... ok
test_freeze_succeeds_without_a_test_file (test_exception_evaluation.ExceptionEvaluationTests.test_freeze_succeeds_without_a_test_file) ... ok
test_synthetic_end_to_end_masks_validation_and_has_test_denominators (test_exception_evaluation.ExceptionEvaluationTests.test_synthetic_end_to_end_masks_validation_and_has_test_denominators) ... ok
test_test_history_overlap_is_rejected (test_exception_evaluation.ExceptionEvaluationTests.test_test_history_overlap_is_rejected) ... ok
test_transitive_helper_change_rejected_before_test_open (test_exception_evaluation.ExceptionEvaluationTests.test_transitive_helper_change_rejected_before_test_open) ... ok
test_candidate_gate_keeps_anchor_and_penalizes_disliked_side (test_exception_model.ExceptionModelTests.test_candidate_gate_keeps_anchor_and_penalizes_disliked_side) ... ok
test_constrained_ridge_matches_independent_reduced_feature_solution (test_exception_model.ExceptionModelTests.test_constrained_ridge_matches_independent_reduced_feature_solution) ... ok
test_decoder_excludes_self_and_forbidden_pair_neighbors (test_exception_model.ExceptionModelTests.test_decoder_excludes_self_and_forbidden_pair_neighbors) ... ok
test_exact_pairing_control_preserves_counterpart_reuse_counts (test_exception_model.ExceptionModelTests.test_exact_pairing_control_preserves_counterpart_reuse_counts) ... ok
test_geometry_is_train_only_finite_and_reproducible (test_exception_model.ExceptionModelTests.test_geometry_is_train_only_finite_and_reproducible) ... ok
test_liked_metrics_use_explicit_user_and_dislike_denominators (test_exception_model.ExceptionModelTests.test_liked_metrics_use_explicit_user_and_dislike_denominators) ... ok
test_pairing_requires_shared_genre_and_chooses_closest_dislike (test_exception_model.ExceptionModelTests.test_pairing_requires_shared_genre_and_chooses_closest_dislike) ... ok
test_partner_shuffle_never_uses_unobserved_or_other_user_dislikes (test_exception_model.ExceptionModelTests.test_partner_shuffle_never_uses_unobserved_or_other_user_dislikes) ... ok
test_recommendations_mask_all_ratings_including_neutrals_and_padding (test_exception_model.ExceptionModelTests.test_recommendations_mask_all_ratings_including_neutrals_and_padding) ... ok
test_relation_orientation_and_unordered_ablation (test_exception_model.ExceptionModelTests.test_relation_orientation_and_unordered_ablation) ... ok
test_training_rating_semantics_and_neutral_mask (test_exception_model.ExceptionModelTests.test_training_rating_semantics_and_neutral_mask) ... ok
test_failed_label_read_keeps_marker_and_prevents_retry (test_field_reference_evaluation.FieldReferenceEvaluationTests.test_failed_label_read_keeps_marker_and_prevents_retry) ... ok
test_freeze_does_not_open_test_or_ratings (test_field_reference_evaluation.FieldReferenceEvaluationTests.test_freeze_does_not_open_test_or_ratings) ... ok
test_payload_code_and_runtime_tampering_precede_marker (test_field_reference_evaluation.FieldReferenceEvaluationTests.test_payload_code_and_runtime_tampering_precede_marker) ... ok
test_positive_nonmaximum_tie_and_objective_rejected (test_field_reference_evaluation.FieldReferenceEvaluationTests.test_positive_nonmaximum_tie_and_objective_rejected) ... ok
test_reference_nonmaximum_and_later_tied_choice_rejected (test_field_reference_evaluation.FieldReferenceEvaluationTests.test_reference_nonmaximum_and_later_tied_choice_rejected) ... ok
test_shared_expected_test_hash_family_seed_and_cohort_required (test_field_reference_evaluation.FieldReferenceEvaluationTests.test_shared_expected_test_hash_family_seed_and_cohort_required) ... ok
test_synthetic_end_to_end_is_self_contained_and_masks_validation (test_field_reference_evaluation.FieldReferenceEvaluationTests.test_synthetic_end_to_end_is_self_contained_and_masks_validation) ... ok
test_calibrated_effective_coefficients_equal_affine_score_composition (test_freeze.FrozenEvaluationTests.test_calibrated_effective_coefficients_equal_affine_score_composition) ... ok
test_constrained_regression_uses_static_columns (test_freeze.FrozenEvaluationTests.test_constrained_regression_uses_static_columns) ... ok
test_end_to_end_test_evaluation_is_complete_and_frozen (test_freeze.FrozenEvaluationTests.test_end_to_end_test_evaluation_is_complete_and_frozen) ... ok
test_final_metric_implementation_matches_study_on_validation (test_freeze.FrozenEvaluationTests.test_final_metric_implementation_matches_study_on_validation) ... ok
test_freeze_never_opens_test_file_and_refuses_overwrite (test_freeze.FrozenEvaluationTests.test_freeze_never_opens_test_file_and_refuses_overwrite) ... ok
test_heldout_labels_cannot_change_recommendations (test_freeze.FrozenEvaluationTests.test_heldout_labels_cannot_change_recommendations) ... ok
test_independent_policy_cohorts_and_popularity_rerank_are_frozen (test_freeze.FrozenEvaluationTests.test_independent_policy_cohorts_and_popularity_rerank_are_frozen) ... ok
test_portable_bundle_replays_validation_exactly (test_freeze.FrozenEvaluationTests.test_portable_bundle_replays_validation_exactly) ... ok
test_source_or_score_drift_prevents_freeze (test_freeze.FrozenEvaluationTests.test_source_or_score_drift_prevents_freeze) ... ok
test_tampered_frozen_payload_rejected (test_freeze.FrozenEvaluationTests.test_tampered_frozen_payload_rejected) ... ok
test_test_hash_mismatch_rejected_before_output (test_freeze.FrozenEvaluationTests.test_test_hash_mismatch_rejected_before_output) ... ok
test_test_masks_validation_without_refitting_normalizers (test_freeze.FrozenEvaluationTests.test_test_masks_validation_without_refitting_normalizers) ... ok
test_affine_composition_preserves_predictions_and_constraint_scope (test_hybrid_constraints.ScoreCalibrationTests.test_affine_composition_preserves_predictions_and_constraint_scope) ... ok
test_invalid_calibration_inputs_are_rejected (test_hybrid_constraints.ScoreCalibrationTests.test_invalid_calibration_inputs_are_rejected) ... ok
test_monotone_fit_recovers_positive_and_clamps_negative_or_constant (test_hybrid_constraints.ScoreCalibrationTests.test_monotone_fit_recovers_positive_and_clamps_negative_or_constant) ... ok
test_positive_affine_rescaling_does_not_change_fitted_responses (test_hybrid_constraints.ScoreCalibrationTests.test_positive_affine_rescaling_does_not_change_fitted_responses) ... ok
test_analytic_two_expert_solution_allows_negative_weights (test_hybrid_constraints.SumToOneRidgeTests.test_analytic_two_expert_solution_allows_negative_weights) ... ok
test_identical_experts_split_weights_equally (test_hybrid_constraints.SumToOneRidgeTests.test_identical_experts_split_weights_equally) ... ok
test_invalid_inputs_are_rejected (test_hybrid_constraints.SumToOneRidgeTests.test_invalid_inputs_are_rejected) ... ok
test_single_expert_has_unit_weight_and_unpenalized_intercept (test_hybrid_constraints.SumToOneRidgeTests.test_single_expert_has_unit_weight_and_unpenalized_intercept) ... ok
test_target_shift_changes_only_intercept (test_hybrid_constraints.SumToOneRidgeTests.test_target_shift_changes_only_intercept) ... ok
test_portable_frozen_predictions_no_longer_need_prior_research (test_joint_convergence_evaluation.ConvergenceEvaluationTests.test_portable_frozen_predictions_no_longer_need_prior_research) ... ok
test_real_tiny_100_to_400_prefix_replayed_and_proof_copied_without_test (test_joint_convergence_evaluation.ConvergenceEvaluationTests.test_real_tiny_100_to_400_prefix_replayed_and_proof_copied_without_test) ... ok
test_resealed_invalid_prefix_claims_are_rejected (test_joint_convergence_evaluation.ConvergenceEvaluationTests.test_resealed_invalid_prefix_claims_are_rejected) ... ok
test_synthetic_final_evaluation_once_and_test_mask (test_joint_convergence_evaluation.ConvergenceEvaluationTests.test_synthetic_final_evaluation_once_and_test_mask) ... ok
test_freeze_never_opens_test_and_replays_all_five_models (test_joint_evaluation.JointEvaluationTests.test_freeze_never_opens_test_and_replays_all_five_models) ... ok
test_nonminimum_choice_and_different_episode_budget_are_rejected (test_joint_evaluation.JointEvaluationTests.test_nonminimum_choice_and_different_episode_budget_are_rejected) ... ok
test_payload_tamper_and_wrong_test_hash_fail (test_joint_evaluation.JointEvaluationTests.test_payload_tamper_and_wrong_test_hash_fail) ... ok
test_portable_bundle_needs_no_research_source_path (test_joint_evaluation.JointEvaluationTests.test_portable_bundle_needs_no_research_source_path) ... ok
test_runtime_and_code_mismatch_rejected_before_test_open (test_joint_evaluation.JointEvaluationTests.test_runtime_and_code_mismatch_rejected_before_test_open) ... ok
test_selection_grid_tamper_and_existing_output_are_rejected (test_joint_evaluation.JointEvaluationTests.test_selection_grid_tamper_and_existing_output_are_rejected) ... ok
test_synthetic_test_masks_train_and_validation_and_refuses_second_open (test_joint_evaluation.JointEvaluationTests.test_synthetic_test_masks_train_and_validation_and_refuses_second_open) ... ok
test_changed_prefix_training_loss_aborts_before_extension (test_joint_field_convergence.ConvergenceTests.test_changed_prefix_training_loss_aborts_before_extension) ... ok
test_changed_prior_model_state_rejected (test_joint_field_convergence.ConvergenceTests.test_changed_prior_model_state_rejected) ... ok
test_different_initial_seed_rejected_before_first_update (test_joint_field_convergence.ConvergenceTests.test_different_initial_seed_rejected_before_first_update) ... ok
test_explicit_protocol_does_not_mutate_original_budget (test_joint_field_convergence.ConvergenceTests.test_explicit_protocol_does_not_mutate_original_budget) ... ok
test_fresh_restart_exactly_replays_prefix_and_ignores_development_labels (test_joint_field_convergence.ConvergenceTests.test_fresh_restart_exactly_replays_prefix_and_ignores_development_labels) ... ok
test_conditional_shift_ambiguity_removed_but_global_shift_invariant (test_joint_field_experiment.JointFieldTests.test_conditional_shift_ambiguity_removed_but_global_shift_invariant) ... ok
test_fixed_count_baselines_match_declared_formulas (test_joint_field_experiment.JointFieldTests.test_fixed_count_baselines_match_declared_formulas) ... ok
test_known_factorized_mass_and_joint_decomposition (test_joint_field_experiment.JointFieldTests.test_known_factorized_mass_and_joint_decomposition) ... ok
test_masked_context_and_padding_never_enter_normalizer (test_joint_field_experiment.JointFieldTests.test_masked_context_and_padding_never_enter_normalizer) ... ok
test_other_cohort_labels_cannot_change_selection_metric (test_joint_field_experiment.JointFieldTests.test_other_cohort_labels_cannot_change_selection_metric) ... ok
test_ranking_adapters_have_declared_distinct_meanings (test_joint_field_experiment.JointFieldTests.test_ranking_adapters_have_declared_distinct_meanings) ... ok
test_tiny_training_selection_replay_ignores_development_labels (test_joint_field_experiment.JointFieldTests.test_tiny_training_selection_replay_ignores_development_labels) ... ok
test_training_loss_matches_independent_evaluator_and_masks_gradients (test_joint_field_experiment.JointFieldTests.test_training_loss_matches_independent_evaluator_and_masks_gradients) ... ok
test_training_rejects_unmasked_probes_and_padding_targets (test_joint_field_experiment.JointFieldTests.test_training_rejects_unmasked_probes_and_padding_targets) ... ok
test_bad_rankings (test_metrics.MetricTests.test_bad_rankings) ... ok
test_hand_computed_ranking (test_metrics.MetricTests.test_hand_computed_ranking) ... ok
test_macro_average_and_coverage (test_metrics.MetricTests.test_macro_average_and_coverage) ... ok
test_perfect_and_missed (test_metrics.MetricTests.test_perfect_and_missed) ... ok
test_seen_unknown_or_missing_user_rejected (test_metrics.MetricTests.test_seen_unknown_or_missing_user_rejected) ... ok
test_cap_declared_even_when_support_has_no_moves (test_negative_controls.NegativeControlTests.test_cap_declared_even_when_support_has_no_moves) ... ok
test_fixed_groups_block_cross_group_moves (test_negative_controls.NegativeControlTests.test_fixed_groups_block_cross_group_moves) ... ok
test_invalid_inputs_fail_before_perturbing (test_negative_controls.NegativeControlTests.test_invalid_inputs_fail_before_perturbing) ... ok
test_only_checkerboard_swaps_and_exact_margins_on_irregular_support (test_negative_controls.NegativeControlTests.test_only_checkerboard_swaps_and_exact_margins_on_irregular_support) ... ok
test_rejected_proposals_are_counted (test_negative_controls.NegativeControlTests.test_rejected_proposals_are_counted) ... ok
test_seed_reproducible_and_padding_column_only (test_negative_controls.NegativeControlTests.test_seed_reproducible_and_padding_column_only) ... ok
test_structural_zeros_can_prevent_all_two_by_two_moves (test_negative_controls.NegativeControlTests.test_structural_zeros_can_prevent_all_two_by_two_moves) ... ok
test_switches_preserve_each_groups_item_counts_with_one_global_budget (test_negative_controls.NegativeControlTests.test_switches_preserve_each_groups_item_counts_with_one_global_budget) ... ok
test_zero_negative_zero_budget_and_unflippable_labels (test_negative_controls.NegativeControlTests.test_zero_negative_zero_budget_and_unflippable_labels) ... ok
test_context_split_uses_identities_not_rating_values (test_negative_information.NegativeInformationTests.test_context_split_uses_identities_not_rating_values) ... ok
test_decoder_matches_independent_reduced_feature_fit_and_query (test_negative_information.NegativeInformationTests.test_decoder_matches_independent_reduced_feature_fit_and_query) ... ok
test_fit_rejects_empty_or_invalid_inputs (test_negative_information.NegativeInformationTests.test_fit_rejects_empty_or_invalid_inputs) ... ok
test_probe_changes_do_not_change_teacher_or_context_features (test_negative_information.NegativeInformationTests.test_probe_changes_do_not_change_teacher_or_context_features) ... ok
test_runner_probe_changes_never_reach_context_encoder_or_controls (test_negative_information.NegativeInformationTests.test_runner_probe_changes_never_reach_context_encoder_or_controls) ... ok
test_weights_preserve_support_mass_and_permutation_multiset (test_negative_information.NegativeInformationTests.test_weights_preserve_support_mass_and_permutation_multiset) ... ok
test_nonfinite_candidate_rejected (test_ranking.RankingTests.test_nonfinite_candidate_rejected) ... ok
test_not_enough_unseen (test_ranking.RankingTests.test_not_enough_unseen) ... ok
test_padding_history_and_stable_ties (test_ranking.RankingTests.test_padding_history_and_stable_ties) ... ok
test_allowed_aggregate_filename_cannot_hide_individual_ids (test_report.PackageTests.test_allowed_aggregate_filename_cannot_hide_individual_ids) ... ok
test_draft_tampering_group_and_symlink_rejections (test_report.PackageTests.test_draft_tampering_group_and_symlink_rejections) ... ok
test_explicit_whitelist_hashes_and_determinism (test_report.PackageTests.test_explicit_whitelist_hashes_and_determinism) ... ok
test_matching_report_sources_required (test_report.PackageTests.test_matching_report_sources_required) ... ok
test_optional_demo_is_synthetic_source_bound_and_copies_only_four_files (test_report.PackageTests.test_optional_demo_is_synthetic_source_bound_and_copies_only_four_files) ... ok
test_supplemental_source_protocol_hash_and_aggregate_whitelist (test_report.PackageTests.test_supplemental_source_protocol_hash_and_aggregate_whitelist) ... ok
test_adaptive_appendix_keeps_main_results_and_rejects_wrong_endpoint_or_records (test_report.ReportTests.test_adaptive_appendix_keeps_main_results_and_rejects_wrong_endpoint_or_records) ... ok
test_complete_final_comparison_report_fits_seven_pages (test_report.ReportTests.test_complete_final_comparison_report_fits_seven_pages) ... skipped 'PDF verification requires matplotlib and pypdf'
test_convergence_is_separate_and_cannot_replace_original_joint_comparison (test_report.ReportTests.test_convergence_is_separate_and_cannot_replace_original_joint_comparison) ... ok
test_default_evidence_is_described_as_development (test_report.ReportTests.test_default_evidence_is_described_as_development) ... ok
test_discussion_limit_and_task_coverage (test_report.ReportTests.test_discussion_limit_and_task_coverage) ... ok
test_exception_findings_are_separate_and_preserve_negative_result (test_report.ReportTests.test_exception_findings_are_separate_and_preserve_negative_result) ... ok
test_final_field_comparisons_match_frozen_roles_and_keep_liked_endpoint_separate (test_report.ReportTests.test_final_field_comparisons_match_frozen_roles_and_keep_liked_endpoint_separate) ... ok
test_final_field_readers_verify_seals_without_reading_labels_and_keep_stage_explicit (test_report.ReportTests.test_final_field_readers_verify_seals_without_reading_labels_and_keep_stage_explicit) ... ok
test_final_reader_checks_freeze_hash_and_removes_individual_metrics (test_report.ReportTests.test_final_reader_checks_freeze_hash_and_removes_individual_metrics) ... ok
test_joint_objective_readouts_remain_distinct_and_combine_only_matching_seeds (test_report.ReportTests.test_joint_objective_readouts_remain_distinct_and_combine_only_matching_seeds) ... ok
test_model_table_uses_source_types_and_actual_cohort_counts (test_report.ReportTests.test_model_table_uses_source_types_and_actual_cohort_counts) ... ok
test_multi_primary_final_main_pages_fit_at_required_font (test_report.ReportTests.test_multi_primary_final_main_pages_fit_at_required_font) ... skipped 'PDF verification requires matplotlib and pypdf'
test_multi_primary_final_preserves_all_manifests_and_rejects_missing_or_swapped_roles (test_report.ReportTests.test_multi_primary_final_preserves_all_manifests_and_rejects_missing_or_swapped_roles) ... ok
test_negative_appendix_reports_primary_and_secondary_without_replacing_main (test_report.ReportTests.test_negative_appendix_reports_primary_and_secondary_without_replacing_main) ... ok
test_page_overflow_is_rejected_without_font_shrink (test_report.ReportTests.test_page_overflow_is_rejected_without_font_shrink) ... skipped 'Requires PDF renderer'
test_pdf_four_pages_embeds_tnr_and_is_deterministic (test_report.ReportTests.test_pdf_four_pages_embeds_tnr_and_is_deterministic) ... skipped 'PDF verification requires matplotlib and pypdf'
test_supplemental_pdf_preserves_three_task_pages_and_separate_page_limits (test_report.ReportTests.test_supplemental_pdf_preserves_three_task_pages_and_separate_page_limits) ... skipped 'PDF verification requires matplotlib and pypdf'
test_changed_ratings_bytes_rejected_before_marker_or_job (test_run_final_batch.FinalBatchTests.test_changed_ratings_bytes_rejected_before_marker_or_job) ... ok
test_different_interpreter_path_rejected_before_preflight (test_run_final_batch.FinalBatchTests.test_different_interpreter_path_rejected_before_preflight) ... ok
test_failure_keeps_reservation_and_never_runs_comparisons_or_retries (test_run_final_batch.FinalBatchTests.test_failure_keeps_reservation_and_never_runs_comparisons_or_retries) ... ok
test_marker_precedes_all_jobs_and_comparisons_follow_success (test_run_final_batch.FinalBatchTests.test_marker_precedes_all_jobs_and_comparisons_follow_success) ... ok
test_preflight_failure_or_existing_output_prevents_reservation (test_run_final_batch.FinalBatchTests.test_preflight_failure_or_existing_output_prevents_reservation) ... ok
test_prepare_reads_no_labels_and_declares_exact_eight_jobs (test_run_final_batch.FinalBatchTests.test_prepare_reads_no_labels_and_declares_exact_eight_jobs) ... ok
test_resealed_command_or_changed_source_or_runtime_fails_before_marker (test_run_final_batch.FinalBatchTests.test_resealed_command_or_changed_source_or_runtime_fails_before_marker) ... ok
test_real_collector_rejects_cross_family_id_split_data_and_source_mismatch (test_run_final_batch.SharedSignatureTests.test_real_collector_rejects_cross_family_id_split_data_and_source_mismatch) ... ok
test_fism_loss_consumes_logits_and_training_target_cannot_predict_itself (test_runner_models.RunnerModelTests.test_fism_loss_consumes_logits_and_training_target_cannot_predict_itself) ... ok
test_fism_point_and_full_match_independent_leave_target_out_equation (test_runner_models.RunnerModelTests.test_fism_point_and_full_match_independent_leave_target_out_equation) ... ok
test_genre_profile_uses_only_given_training_items_and_original_ids (test_runner_models.RunnerModelTests.test_genre_profile_uses_only_given_training_items_and_original_ids) ... ok
test_invalid_study_and_conflicting_budgets_fail_before_creating_runs (test_runner_models.RunnerModelTests.test_invalid_study_and_conflicting_budgets_fail_before_creating_runs) ... ok
test_model_specific_parameters_do_not_contaminate_graph_regularization (test_runner_models.RunnerModelTests.test_model_specific_parameters_do_not_contaminate_graph_regularization) ... ok
test_neumf_full_catalog_adapter_preserves_point_scores_across_chunks (test_runner_models.RunnerModelTests.test_neumf_full_catalog_adapter_preserves_point_scores_across_chunks) ... ok
test_ngcf_public_sparse_normalization_matches_dense_equation (test_runner_models.RunnerModelTests.test_ngcf_public_sparse_normalization_matches_dense_equation) ... /private/var/folders/4z/q1r8_58566b6g0bmk8mpcs7m0000gn/T/coursework-review-extracted-49ef49fj/code/run.py:45: UserWarning: Sparse invariant checks are implicitly disabled. Memory errors (e.g. SEGFAULT) will occur when operating on a sparse tensor which violates the invariants, but checks incur performance overhead. To silence this warning, explicitly opt in or out. See `torch.sparse.check_sparse_tensor_invariants.__doc__` for guidance.  (Triggered internally at /Users/runner/work/pytorch/pytorch/aten/src/ATen/Context.cpp:855.)
  return torch.sparse_coo_tensor(indices, torch.tensor(normalized.data, dtype=torch.float32), (size, size)).coalesce()
ok
test_thorough_graph_budget_keeps_other_models_and_default_grid_unchanged (test_runner_models.RunnerModelTests.test_thorough_graph_budget_keeps_other_models_and_default_grid_unchanged) ... ok
test_bounded_utility_and_complete_label_checks (test_societal.IndependentPolicyTests.test_bounded_utility_and_complete_label_checks) ... ok
test_calibration_must_be_disjoint_from_fit_and_selection (test_societal.IndependentPolicyTests.test_calibration_must_be_disjoint_from_fit_and_selection) ... ok
test_harmful_low_cost_option_is_rejected (test_societal.IndependentPolicyTests.test_harmful_low_cost_option_is_rejected) ... ok
test_hoeffding_does_not_certify_tiny_sample_improvement (test_societal.IndependentPolicyTests.test_hoeffding_does_not_certify_tiny_sample_improvement) ... ok
test_insufficient_or_absent_groups_fall_back_to_baseline (test_societal.IndependentPolicyTests.test_insufficient_or_absent_groups_fall_back_to_baseline) ... ok
test_no_audit_label_dependency (test_societal.IndependentPolicyTests.test_no_audit_label_dependency) ... ok
test_pairing_retains_constant_difference_despite_variable_utilities (test_societal.IndependentPolicyTests.test_pairing_retains_constant_difference_despite_variable_utilities) ... ok
test_user_policy_selects_different_options_and_applies_without_labels (test_societal.IndependentPolicyTests.test_user_policy_selects_different_options_and_applies_without_labels) ... ok
test_final_sidecar_uses_only_train_context_and_exports_aggregate_only (test_societal.SocietalDiagnosticsTests.test_final_sidecar_uses_only_train_context_and_exports_aggregate_only) ... ok
test_genre_calibration_distinguishes_liked_and_all_history (test_societal.SocietalDiagnosticsTests.test_genre_calibration_distinguishes_liked_and_all_history) ... ok
test_group_size_normalization_and_position_discount (test_societal.SocietalDiagnosticsTests.test_group_size_normalization_and_position_discount) ... ok
test_group_utility_reports_harm_and_zero_reference_without_infinity (test_societal.SocietalDiagnosticsTests.test_group_utility_reports_harm_and_zero_reference_without_infinity) ... ok
test_missing_like_profile_is_counted_as_missing_not_perfect (test_societal.SocietalDiagnosticsTests.test_missing_like_profile_is_counted_as_missing_not_perfect) ... ok
test_quota_checks_both_head_and_tail_capacity (test_societal.SocietalDiagnosticsTests.test_quota_checks_both_head_and_tail_capacity) ... ok
test_rating_join_ignores_nontraining_values_and_requires_complete_training (test_societal.SocietalDiagnosticsTests.test_rating_join_ignores_nontraining_values_and_requires_complete_training) ... ok
test_sidecar_audit_preserves_user_ids_and_separates_cost_from_utility (test_societal.SocietalDiagnosticsTests.test_sidecar_audit_preserves_user_ids_and_separates_cost_from_utility) ... ok
test_training_contradictions_use_rejections_and_remove_own_like (test_societal.SocietalDiagnosticsTests.test_training_contradictions_use_rejections_and_remove_own_like) ... ok
test_unexposed_items_contribute_to_gini_and_entropy (test_societal.SocietalDiagnosticsTests.test_unexposed_items_contribute_to_gini_and_entropy) ... ok
test_user_popularity_reranker_respects_personal_target (test_societal.SocietalDiagnosticsTests.test_user_popularity_reranker_respects_personal_target) ... ok
test_context_features_have_expected_interactions (test_study.StudyTests.test_context_features_have_expected_interactions) ... ok
test_jsd_identical_disjoint_and_symmetric (test_study.StudyTests.test_jsd_identical_disjoint_and_symmetric) ... ok
test_normalization_excludes_seen_padding (test_study.StudyTests.test_normalization_excludes_seen_padding) ... ok
test_regression_recovers_known_mapping_and_shrinks (test_study.StudyTests.test_regression_recovers_known_mapping_and_shrinks) ... ok
test_reranking_zero_weight_and_diversity_extreme (test_study.StudyTests.test_reranking_zero_weight_and_diversity_extreme) ... ok
test_rrf_agrees_with_identical_experts (test_study.StudyTests.test_rrf_agrees_with_identical_experts) ... ok
test_user_partition_is_disjoint_stable_and_complete (test_study.StudyTests.test_user_partition_is_disjoint_stable_and_complete) ... ok
test_curated_policy_excludes_individual_ids_without_mutating_source (test_summary_content.SummaryContentTests.test_curated_policy_excludes_individual_ids_without_mutating_source) ... ok
test_legacy_two_cohort_evidence_remains_explicit (test_summary_content.SummaryContentTests.test_legacy_two_cohort_evidence_remains_explicit) ... ok
test_missing_metric_is_not_zero_filled (test_summary_content.SummaryContentTests.test_missing_metric_is_not_zero_filled) ... ok
test_stale_manifest_cannot_supply_false_cohort_description (test_summary_content.SummaryContentTests.test_stale_manifest_cannot_supply_false_cohort_description) ... ok
test_three_cohort_counts_come_from_verified_artifacts (test_summary_content.SummaryContentTests.test_three_cohort_counts_come_from_verified_artifacts) ... ok

----------------------------------------------------------------------
Ran 216 tests in 6.539s

OK (skipped=5)
