test_aggregate_output_has_no_identifiers_and_does_not_mutate_inputs (test_group_analysis.AggregateGroupAnalysisTests.test_aggregate_output_has_no_identifiers_and_does_not_mutate_inputs) ... ok
test_catalog_permutation_cannot_change_frequency_tie_membership (test_group_analysis.AggregateGroupAnalysisTests.test_catalog_permutation_cannot_change_frequency_tie_membership) ... ok
test_hand_calculated_user_and_conditional_item_metrics (test_group_analysis.AggregateGroupAnalysisTests.test_hand_calculated_user_and_conditional_item_metrics) ... ok
test_rejects_seen_unknown_truth_and_mismatched_train_counts (test_group_analysis.AggregateGroupAnalysisTests.test_rejects_seen_unknown_truth_and_mismatched_train_counts) ... ok
test_train_population_ties_stay_together_and_empty_item_targets_are_null (test_group_analysis.AggregateGroupAnalysisTests.test_train_population_ties_stay_together_and_empty_item_targets_are_null) ... ok
test_truth_changes_cannot_change_train_groups_or_exposure (test_group_analysis.AggregateGroupAnalysisTests.test_truth_changes_cannot_change_train_groups_or_exposure) ... ok
test_constant_scores_choose_larger_penalty_and_duplicate_is_disclosed (test_hybrid.HybridTests.test_constant_scores_choose_larger_penalty_and_duplicate_is_disclosed) ... ok
test_constraints_hold_on_calibrated_weights_and_scores_are_not_clipped (test_hybrid.HybridTests.test_constraints_hold_on_calibrated_weights_and_scores_are_not_clipped) ... ok
test_development_labels_rejected_before_values_are_read (test_hybrid.HybridTests.test_development_labels_rejected_before_values_are_read) ... ok
test_development_score_changes_cannot_select_or_fit_hybrid (test_hybrid.HybridTests.test_development_score_changes_cannot_select_or_fit_hybrid) ... ok
test_inner_split_and_final_refit_are_shared_and_deterministic (test_hybrid.HybridTests.test_inner_split_and_final_refit_are_shared_and_deterministic) ... ok
test_invalid_inputs_fail_and_inputs_are_unchanged (test_hybrid.HybridTests.test_invalid_inputs_fail_and_inputs_are_unchanged) ... ok
test_meta_split_471_users_is_235_and_236 (test_hybrid.HybridTests.test_meta_split_471_users_is_235_and_236) ... ok
test_normalization_and_ranking_exclude_train_and_padding (test_hybrid.HybridTests.test_normalization_and_ranking_exclude_train_and_padding) ... ok
test_sampler_uses_same_unique_cells_and_excludes_every_meta_positive (test_hybrid.HybridTests.test_sampler_uses_same_unique_cells_and_excludes_every_meta_positive) ... ok
test_binary_model_is_exact_ease (test_model.CategoricalReconstructionTests.test_binary_model_is_exact_ease) ... ok
test_centering_probabilities_use_training_only_and_keep_absence_zero (test_model.CategoricalReconstructionTests.test_centering_probabilities_use_training_only_and_keep_absence_zero) ... ok
test_dense_and_sparse_inputs_are_identical (test_model.CategoricalReconstructionTests.test_dense_and_sparse_inputs_are_identical) ... ok
test_dual_coefficients_and_all_scores_match_reduced_primal (test_model.CategoricalReconstructionTests.test_dual_coefficients_and_all_scores_match_reduced_primal) ... ok
test_empty_training_and_zero_smoothing_have_defined_cold_prior (test_model.CategoricalReconstructionTests.test_empty_training_and_zero_smoothing_have_defined_cold_prior) ... ok
test_every_candidate_own_item_feature_is_exactly_zero (test_model.CategoricalReconstructionTests.test_every_candidate_own_item_feature_is_exactly_zero) ... ok
test_invalid_ratings_shapes_and_duplicate_observations_are_rejected (test_model.CategoricalReconstructionTests.test_invalid_ratings_shapes_and_duplicate_observations_are_rejected) ... ok
test_invalid_regularization_is_rejected (test_model.CategoricalReconstructionTests.test_invalid_regularization_is_rejected) ... ok
test_permuting_rating_names_preserves_scores (test_model.CategoricalReconstructionTests.test_permuting_rating_names_preserves_scores) ... ok
test_portable_roundtrip_preserves_regular_and_fallback_predictions (test_model.CategoricalReconstructionTests.test_portable_roundtrip_preserves_regular_and_fallback_predictions) ... ok
test_unseen_fast_path_matches_full_and_candidate_zeroing (test_model.CategoricalReconstructionTests.test_unseen_fast_path_matches_full_and_candidate_zeroing) ... ok
test_very_small_regularization_matches_stable_reference (test_model.CategoricalReconstructionTests.test_very_small_regularization_matches_stable_reference) ... ok
test_benchmark_never_opens_validation_arrays_or_splits_or_parses_nontrain_categories (test_runner.RunnerBoundaryTests.test_benchmark_never_opens_validation_arrays_or_splits_or_parses_nontrain_categories) ... ok
test_changed_score_or_source_is_rejected_before_development (test_runner.RunnerBoundaryTests.test_changed_score_or_source_is_rejected_before_development) ... ok
test_development_pair_identity_changes_cannot_change_any_selection (test_runner.RunnerBoundaryTests.test_development_pair_identity_changes_cannot_change_any_selection) ... ok
test_global_barrier_precedes_every_development_call_and_curation_is_aggregate_only (test_runner.RunnerBoundaryTests.test_global_barrier_precedes_every_development_call_and_curation_is_aggregate_only) ... ok
test_grid_completeness_and_exact_first_tie_are_independently_checked (test_runner.RunnerBoundaryTests.test_grid_completeness_and_exact_first_tie_are_independently_checked) ... ok
test_selection_does_not_parse_any_validation_categories_and_replay_is_exact (test_runner.RunnerBoundaryTests.test_selection_does_not_parse_any_validation_categories_and_replay_is_exact) ... ok
test_shuffle_preserves_presence_and_item_category_histograms (test_runner.RunnerBoundaryTests.test_shuffle_preserves_presence_and_item_category_histograms) ... ok

----------------------------------------------------------------------
Ran 34 tests in 0.795s

OK
