test_existing_output_is_refused_before_import_or_input_access (test_bootstrap.BootstrapTests.test_existing_output_is_refused_before_import_or_input_access) ... ok
test_hash_tree_uses_relative_source_paths_and_ignores_bytecode (test_bootstrap.BootstrapTests.test_hash_tree_uses_relative_source_paths_and_ignores_bytecode) ... ok
test_public_recipe_routes_every_standard_model_to_exact_original_adapter (test_bootstrap.BootstrapTests.test_public_recipe_routes_every_standard_model_to_exact_original_adapter) ... ok
test_source_mismatch_does_not_silently_choose_newer_adapter (test_bootstrap.BootstrapTests.test_source_mismatch_does_not_silently_choose_newer_adapter) ... ok
test_wrong_raw_data_fails_before_source_or_recbole_access (test_bootstrap.BootstrapTests.test_wrong_raw_data_fails_before_source_or_recbole_access) ... ok
test_completion_audit_binds_exact_sources_barrier_and_public_files (test_build_review.ReviewPackagingTests.test_completion_audit_binds_exact_sources_barrier_and_public_files) ... ok
test_completion_panel_preserves_original_scientific_tables_and_scope (test_build_review.ReviewPackagingTests.test_completion_panel_preserves_original_scientific_tables_and_scope) ... ok
test_equal_split_means_canonical_roles_and_grid_selection (test_build_review.ReviewPackagingTests.test_equal_split_means_canonical_roles_and_grid_selection) ... ok
test_historical_root_artifacts_are_preserved_without_overwriting_nested_evidence (test_build_review.ReviewPackagingTests.test_historical_root_artifacts_are_preserved_without_overwriting_nested_evidence) ... ok
test_link_check_rejects_missing_relative_targets (test_build_review.ReviewPackagingTests.test_link_check_rejects_missing_relative_targets) ... ok
test_navigation_maps_to_archive_and_labels_unbundled_history (test_build_review.ReviewPackagingTests.test_navigation_maps_to_archive_and_labels_unbundled_history) ... ok
test_public_evidence_requires_exact_hashes_and_rejects_private_rows (test_build_review.ReviewPackagingTests.test_public_evidence_requires_exact_hashes_and_rejects_private_rows) ... ok
test_reproduction_payload_includes_recipe_and_safe_receipts_only (test_build_review.ReviewPackagingTests.test_reproduction_payload_includes_recipe_and_safe_receipts_only) ... ok
test_source_closure_includes_local_import_and_refuses_changed_base_code (test_build_review.ReviewPackagingTests.test_source_closure_includes_local_import_and_refuses_changed_base_code) ... ok
test_unverified_base_and_unsafe_paths_are_rejected (test_build_review.ReviewPackagingTests.test_unverified_base_and_unsafe_paths_are_rejected) ... ok
test_both_stages_match_independent_augmented_least_squares (test_models.MetaLevelTests.test_both_stages_match_independent_augmented_least_squares) ... ok
test_genre_basis_permutation_does_not_change_scores (test_models.MetaLevelTests.test_genre_basis_permutation_does_not_change_scores) ... ok
test_zero_observations_cannot_manufacture_signal (test_models.MetaLevelTests.test_zero_observations_cannot_manufacture_signal) ... ok
test_mixed_disjoint_lists_respect_exact_quotas (test_models.RankingTests.test_mixed_disjoint_lists_respect_exact_quotas) ... ok
test_mixed_exhausted_expert_backfills_from_first_expert (test_models.RankingTests.test_mixed_exhausted_expert_backfills_from_first_expert) ... ok
test_mixed_overlap_seen_padding_do_not_consume_quota (test_models.RankingTests.test_mixed_overlap_seen_padding_do_not_consume_quota) ... ok
test_mixed_zero_quota_and_batch_exclusion (test_models.RankingTests.test_mixed_zero_quota_and_batch_exclusion) ... ok
test_ranking_masks_seen_and_padding_and_breaks_ties_by_catalog (test_models.RankingTests.test_ranking_masks_seen_and_padding_and_breaks_ties_by_catalog) ... ok
test_rrf_matches_literal_eligible_rank_sum (test_models.RankingTests.test_rrf_matches_literal_eligible_rank_sum) ... ok
test_empty_groups_use_global_meta_winner_and_exact_ties_first (test_models.SwitchingTests.test_empty_groups_use_global_meta_winner_and_exact_ties_first) ... ok
test_quantile_equality_uses_upper_bin_and_meta_only_winners (test_models.SwitchingTests.test_quantile_equality_uses_upper_bin_and_meta_only_winners) ... ok
test_tied_activity_collapses_groups_without_label_dependent_thresholds (test_models.SwitchingTests.test_tied_activity_collapses_groups_without_label_dependent_thresholds) ... ok
test_missing_or_duplicate_training_records_fail (test_rebuild_research.TrainingRatingTests.test_missing_or_duplicate_training_records_fail) ... ok
test_nontraining_rating_values_are_never_interpreted (test_rebuild_research.TrainingRatingTests.test_nontraining_rating_values_are_never_interpreted) ... ok
test_assessment_guard_runs_before_any_label_parser (test_runner.LabelBoundaryTests.test_assessment_guard_runs_before_any_label_parser) ... ok
test_duplicate_or_unknown_allowed_items_are_rejected (test_runner.LabelBoundaryTests.test_duplicate_or_unknown_allowed_items_are_rejected) ... ok
test_skipped_calibration_item_is_not_interpreted (test_runner.LabelBoundaryTests.test_skipped_calibration_item_is_not_interpreted) ... ok
test_complete_three_seed_barrier_and_changed_artifact (test_runner.SelectionBarrierTests.test_complete_three_seed_barrier_and_changed_artifact) ... ok
test_later_exact_tie_and_selected_prediction_mismatch_rejected (test_runner.SelectionBarrierTests.test_later_exact_tie_and_selected_prediction_mismatch_rejected) ... ok
test_missing_third_seed_prevents_barrier (test_runner.SelectionBarrierTests.test_missing_third_seed_prevents_barrier) ... ok
test_omitted_hash_cannot_unseal_cohorts (test_runner.SelectionBarrierTests.test_omitted_hash_cannot_unseal_cohorts) ... ok
test_source_hash_and_shared_train_user_alignment_are_enforced (test_runner.SourceBoundaryTests.test_source_hash_and_shared_train_user_alignment_are_enforced) ... ok
test_source_loader_never_reads_valid_mask_or_test_file (test_runner.SourceBoundaryTests.test_source_loader_never_reads_valid_mask_or_test_file) ... ok

----------------------------------------------------------------------
Ran 38 tests in 0.452s

OK
