test_explicit_padding_removed_and_real_order_preserved (test_catalog.CatalogBoundaryTests.test_explicit_padding_removed_and_real_order_preserved) ... ok
test_missing_extra_and_duplicate_real_users_rejected (test_catalog.CatalogBoundaryTests.test_missing_extra_and_duplicate_real_users_rejected) ... ok
test_absent_target_fast_path_agrees_only_where_target_absent (test_model.GroupedPairModelTests.test_absent_target_fast_path_agrees_only_where_target_absent) ... ok
test_bag_mode_matches_independent_primal_with_one_group (test_model.GroupedPairModelTests.test_bag_mode_matches_independent_primal_with_one_group) ... ok
test_cold_targets_empty_context_and_unseen_pairs_are_finite (test_model.GroupedPairModelTests.test_cold_targets_empty_context_and_unseen_pairs_are_finite) ... ok
test_constrained_predictions_match_independent_augmented_primal (test_model.GroupedPairModelTests.test_constrained_predictions_match_independent_augmented_primal) ... ok
test_different_partition_can_change_same_bag_candidate_score (test_model.GroupedPairModelTests.test_different_partition_can_change_same_bag_candidate_score) ... ok
test_empty_fitted_pair_dictionary_keeps_unseen_query_pairs_zero (test_model.GroupedPairModelTests.test_empty_fitted_pair_dictionary_keeps_unseen_query_pairs_zero) ... ok
test_group_kernel_matches_literal_complete_pair_dictionary (test_model.GroupedPairModelTests.test_group_kernel_matches_literal_complete_pair_dictionary) ... ok
test_item_permutation_preserves_corresponding_predictions (test_model.GroupedPairModelTests.test_item_permutation_preserves_corresponding_predictions) ... ok
test_new_grouped_query_requires_its_known_partition (test_model.GroupedPairModelTests.test_new_grouped_query_requires_its_known_partition) ... ok
test_query_target_and_its_pair_membership_cannot_self_vote (test_model.GroupedPairModelTests.test_query_target_and_its_pair_membership_cannot_self_vote) ... ok
test_row_permutation_and_row_local_label_renaming_are_invariant (test_model.GroupedPairModelTests.test_row_permutation_and_row_local_label_renaming_are_invariant) ... ok
test_zero_pair_weight_matches_item_space_ease (test_model.GroupedPairModelTests.test_zero_pair_weight_matches_item_space_ease) ... ok
test_all_role_barrier_rejects_missing_or_incomplete_selection (test_runner.RunnerBoundaryTests.test_all_role_barrier_rejects_missing_or_incomplete_selection) ... ok
test_assessment_guard_precedes_any_file_parse (test_runner.RunnerBoundaryTests.test_assessment_guard_precedes_any_file_parse) ... ok
test_barrier_requires_complete_grid_and_first_exact_argmax (test_runner.RunnerBoundaryTests.test_barrier_requires_complete_grid_and_first_exact_argmax) ... ok
test_fit_loader_never_interprets_heldout_timestamps_or_any_ratings (test_runner.RunnerBoundaryTests.test_fit_loader_never_interprets_heldout_timestamps_or_any_ratings) ... ok
test_fit_loader_rejects_missing_duplicate_and_invalid_allowed_timestamps (test_runner.RunnerBoundaryTests.test_fit_loader_rejects_missing_duplicate_and_invalid_allowed_timestamps) ... ok
test_nested_split_matches_declared_hash_partition_and_is_order_invariant (test_runner.RunnerBoundaryTests.test_nested_split_matches_declared_hash_partition_and_is_order_invariant) ... ok
test_nested_split_rejects_duplicates_and_too_short_histories (test_runner.RunnerBoundaryTests.test_nested_split_rejects_duplicates_and_too_short_histories) ... ok
test_ranking_masks_fit_and_padding_with_stable_catalog_ties (test_runner.RunnerBoundaryTests.test_ranking_masks_fit_and_padding_with_stable_catalog_ties) ... ok
test_ranking_metrics_match_literal_hand_calculation (test_runner.RunnerBoundaryTests.test_ranking_metrics_match_literal_hand_calculation) ... ok
test_sealed_files_cannot_change_or_be_omitted (test_runner.RunnerBoundaryTests.test_sealed_files_cannot_change_or_be_omitted) ... ok

----------------------------------------------------------------------
Ran 24 tests in 0.120s

OK
